// Jest Snapshot v1, https://goo.gl/fbAQLP

exports[`LoadingShower.tsx unit test. when has no err 1`] = `
<div>
  <div
    aria-hidden="true"
    class="MuiBackdrop-root makeStyles-backdrop-2"
    data-testid="LoadingShower-Backdrop"
    style="opacity: 0; visibility: hidden;"
  >
    <div
      class="MuiCircularProgress-root MuiCircularProgress-indeterminate"
      role="progressbar"
      style="width: 40px; height: 40px;"
    >
      <svg
        class="MuiCircularProgress-svg"
        viewBox="22 22 44 44"
      >
        <circle
          class="MuiCircularProgress-circle MuiCircularProgress-circleIndeterminate"
          cx="44"
          cy="44"
          fill="none"
          r="20.2"
          stroke-width="3.6"
        />
      </svg>
    </div>
  </div>
</div>
`;
